1.  U_control/decode[30] (driver: <none>)
2.  U_control/decode[31] (driver: <none>)
3.  U_control/lu_op (driver: <none>)
4.  U_control/decode[36] (driver: <none>)
5.  U_control/decode[37] (driver: <none>)
6.  U_control/decode[38] (driver: <none>)
7.  U_control/decode[39] (driver: <none>)
8.  U_control/decode[41] (driver: <none>)
9.  U_control/decode[42] (driver: <none>)
10.  U_control/decode[23] (driver: <none>)
..... suppressed 11 additional unannotated nets.

****************************************
Report : annotated_parasitics
	-check
	-internal_nets
	-boundary_nets
	-list_not_annotated
	-max_nets 10
Design : risc8
Version: O-2018.06-SP4
Date   : Wed Jun  1 18:53:19 2022
****************************************

                    |         |         |         |   RC    |   Not   |
Net Type            |  Total  | Lumped  |  RC pi  | network |Annotated|
--------------------+---------+---------+---------+---------+---------+
Internal nets       |         |         |         |         |         |
  - Pin to pin nets |    2122 |       0 |       0 |    2122 |       0 |
  - Driverless nets |      21 |       0 |       0 |       0 |      21 |
  - Loadless nets   |       2 |       0 |       0 |       2 |       0 |
--------------------+---------+---------+---------+---------+---------+
Boundary/port nets  |         |         |         |         |         |
  - Pin to pin nets |      42 |       0 |       0 |      42 |       0 |
  - Driverless nets |       0 |       0 |       0 |       0 |       0 |
  - Loadless nets   |       3 |       0 |       0 |       3 |       0 |
--------------------+---------+---------+---------+---------+---------+
                    |    2190 |       0 |       0 |    2169 |      21 |

1
