****************************************
Report : constraint
	-all_violators
	-path slack_only
Design : risc8
Version: O-2018.06-SP4
Date   : Wed Jun  1 18:53:19 2022
****************************************


   max_delay/setup ('default' group)

   Endpoint                                                  Slack
   -----------------------------------------------------------------
   ie                                                        -0.57  (VIOLATED)
   address[12]                                               -0.55  (VIOLATED)
   address[13]                                               -0.55  (VIOLATED)
   address[14]                                               -0.54  (VIOLATED)
   address[0]                                                -0.52  (VIOLATED)
   address[15]                                               -0.51  (VIOLATED)
   data_out[7]                                               -0.49  (VIOLATED)
   cycle                                                     -0.48  (VIOLATED)
   address[1]                                                -0.47  (VIOLATED)
   iack                                                      -0.46  (VIOLATED)
   address[2]                                                -0.46  (VIOLATED)
   address[4]                                                -0.45  (VIOLATED)
   address[7]                                                -0.45  (VIOLATED)
   ifetch                                                    -0.45  (VIOLATED)
   data_out[3]                                               -0.45  (VIOLATED)
   address[11]                                               -0.44  (VIOLATED)
   address[8]                                                -0.44  (VIOLATED)
   address[6]                                                -0.44  (VIOLATED)
   data_out[0]                                               -0.44  (VIOLATED)
   address[5]                                                -0.44  (VIOLATED)
   address[3]                                                -0.44  (VIOLATED)
   address[9]                                                -0.43  (VIOLATED)
   data_out[6]                                               -0.43  (VIOLATED)
   data_out[5]                                               -0.43  (VIOLATED)
   data_out[1]                                               -0.43  (VIOLATED)
   address[10]                                               -0.43  (VIOLATED)
   data_out[2]                                               -0.42  (VIOLATED)
   data_out[4]                                               -0.42  (VIOLATED)
   write                                                     -0.41  (VIOLATED)

   max_delay/setup ('clk' group)

   Endpoint                                                  Slack
   -----------------------------------------------------------------
   U_regb_biu/sp_reg_15_/D                                   -0.72  (VIOLATED)
   U_regb_biu/sp_reg_7_/D                                    -0.71  (VIOLATED)
   U_regb_biu/address_reg_15_/D                              -0.57  (VIOLATED)
   U_regb_biu/pc_reg_15_/D                                   -0.49  (VIOLATED)
   U_regb_biu/pc_reg_7_/D                                    -0.45  (VIOLATED)
   U_regb_biu/psw_reg_3_/D                                   -0.43  (VIOLATED)
   U_regb_biu/psw_reg_7_/D                                   -0.37  (VIOLATED)
   U_regb_biu/psw_reg_1_/D                                   -0.34  (VIOLATED)
   U_regb_biu/sp_reg_14_/D                                   -0.28  (VIOLATED)
   U_regb_biu/sp_reg_6_/D                                    -0.27  (VIOLATED)
   U_regb_biu/address_reg_14_/D                              -0.18  (VIOLATED)
   U_regb_biu/reg_file_reg_5__7_/D                           -0.13  (VIOLATED)
   U_regb_biu/reg_file_reg_7__7_/D                           -0.13  (VIOLATED)
   U_regb_biu/reg_file_reg_3__7_/D                           -0.13  (VIOLATED)
   U_regb_biu/reg_file_reg_1__7_/D                           -0.13  (VIOLATED)
   U_regb_biu/reg_file_reg_2__7_/D                           -0.13  (VIOLATED)
   U_regb_biu/reg_file_reg_6__7_/D                           -0.13  (VIOLATED)
   U_regb_biu/reg_file_reg_0__7_/D                           -0.13  (VIOLATED)
   U_regb_biu/reg_file_reg_4__7_/D                           -0.13  (VIOLATED)
   U_regb_biu/address_reg_7_/D                               -0.10  (VIOLATED)
   U_regb_biu/psw_reg_0_/D                                   -0.10  (VIOLATED)
   U_alu/a_reg_reg_0_/D                                      -0.08  (VIOLATED)
   U_regb_biu/pc_reg_14_/D                                   -0.01  (VIOLATED)



   max_fanout

                             Required        Actual
   Pin                        Fanout         Fanout          Slack
   -----------------------------------------------------------------
   bufbda_G1B1I3/Z             20.00         120.00        -100.00  (VIOLATED)
   bufbda_G1B1I2/Z             20.00          82.00         -62.00  (VIOLATED)
   bufbda_G1B1I1/Z             20.00          70.00         -50.00  (VIOLATED)
   U10/Z                       20.00          49.00         -29.00  (VIOLATED)
   U19/Z                       20.00          48.00         -28.00  (VIOLATED)
   U_regb_biu/U2/Z             20.00          42.00         -22.00  (VIOLATED)
   U20/Z                       20.00          38.00         -18.00  (VIOLATED)
   U_control/U44/ZN            20.00          38.00         -18.00  (VIOLATED)
   U_control/U234/ZN           20.00          34.00         -14.00  (VIOLATED)
   U_control/U210/ZN           20.00          23.00          -3.00  (VIOLATED)
   U_control/U316/Z            20.00          22.00          -2.00  (VIOLATED)


1
