****************************************
Report : constraint
	-all_violators
	-path slack_only
Design : mulitiplier
Version: O-2018.06-SP4
Date   : Tue May 24 18:11:11 2022
****************************************


   max_delay/setup ('default' group)

   Endpoint                                                  Slack
   -----------------------------------------------------------------
   M[15]                                                     -0.47  (VIOLATED)
   done                                                      -0.46  (VIOLATED)
   M[14]                                                     -0.45  (VIOLATED)
   M[12]                                                     -0.45  (VIOLATED)
   M[6]                                                      -0.44  (VIOLATED)
   M[3]                                                      -0.44  (VIOLATED)
   M[13]                                                     -0.44  (VIOLATED)
   M[4]                                                      -0.44  (VIOLATED)
   M[8]                                                      -0.44  (VIOLATED)
   M[0]                                                      -0.44  (VIOLATED)
   M[11]                                                     -0.44  (VIOLATED)
   M[5]                                                      -0.44  (VIOLATED)
   M[1]                                                      -0.44  (VIOLATED)
   M[2]                                                      -0.44  (VIOLATED)
   M[7]                                                      -0.44  (VIOLATED)
   M[10]                                                     -0.44  (VIOLATED)
   M[9]                                                      -0.44  (VIOLATED)



1
